CCS PCM C Compiler, Version 4.114, 93460303               10-oct.-25 11:10

               Filename: C:\Users\Octavio\Desktop\PIC\Mi Proyecto\main.lst

               ROM used: 1043 words (51%)
                         Largest free fragment is 1005
               RAM used: 21 (9%) at main() level
                         37 (17%) worst case
               Stack:    8 worst case (4 in main + 4 for interrupts)

*
0000:  NOP
0001:  MOVLW  03
0002:  MOVWF  0A
0003:  GOTO   34A
0004:  MOVWF  7F
0005:  SWAPF  03,W
0006:  CLRF   03
0007:  MOVWF  21
0008:  MOVF   7F,W
0009:  MOVWF  20
000A:  MOVF   0A,W
000B:  MOVWF  27
000C:  CLRF   0A
000D:  SWAPF  20,F
000E:  MOVF   04,W
000F:  MOVWF  22
0010:  MOVF   77,W
0011:  MOVWF  23
0012:  MOVF   78,W
0013:  MOVWF  24
0014:  MOVF   79,W
0015:  MOVWF  25
0016:  MOVF   7A,W
0017:  MOVWF  26
0018:  BCF    03.7
0019:  BCF    03.5
001A:  MOVLW  8C
001B:  MOVWF  04
001C:  BTFSS  00.5
001D:  GOTO   020
001E:  BTFSC  0C.5
001F:  GOTO   134
0020:  MOVF   22,W
0021:  MOVWF  04
0022:  MOVF   23,W
0023:  MOVWF  77
0024:  MOVF   24,W
0025:  MOVWF  78
0026:  MOVF   25,W
0027:  MOVWF  79
0028:  MOVF   26,W
0029:  MOVWF  7A
002A:  MOVF   27,W
002B:  MOVWF  0A
002C:  SWAPF  21,W
002D:  MOVWF  03
002E:  SWAPF  7F,F
002F:  SWAPF  7F,W
0030:  RETFIE
.................... #include <16F628a.h> 
.................... //////// Standard Header file for the PIC16F628A device //////////////// 
.................... #device PIC16F628A 
.................... #list 
....................  
.................... #fuses INTRC_IO, NOWDT, NOPROTECT, NOMCLR, NOLVP, NOBROWNOUT 
.................... #use delay(clock=4000000) 
*
00D7:  MOVLW  39
00D8:  MOVWF  04
00D9:  BCF    03.7
00DA:  MOVF   00,W
00DB:  BTFSC  03.2
00DC:  GOTO   0EB
00DD:  MOVLW  01
00DE:  MOVWF  78
00DF:  CLRF   77
00E0:  DECFSZ 77,F
00E1:  GOTO   0E0
00E2:  DECFSZ 78,F
00E3:  GOTO   0DF
00E4:  MOVLW  4A
00E5:  MOVWF  77
00E6:  DECFSZ 77,F
00E7:  GOTO   0E6
00E8:  GOTO   0E9
00E9:  DECFSZ 00,F
00EA:  GOTO   0DD
00EB:  RETURN
.................... #use rs232(baud=9600, xmit=PIN_B2, rcv=PIN_B1, bits=8, parity=N, stop=1) 
.................... #include <LCD4Bit.c> 
.................... /*================================================================== 
....................  
....................    Character LCD library for PIC CCS Compiler 
....................    this library is a compact version of original  
....................    flex-lcd.c driver. In this library we grounded RW pin 
....................    and we are only using delay between enable pulse.  
....................    ----------------------------------------------------------- 
....................     
....................    mode-of-operation = 4bit 
....................    require-io-pins   = 6 
....................     
....................  
.................... ===================================================================== 
....................         (C) Copyright 2018 Abdul Rehman                               
.................... ====================================================================*/ 
....................  
....................  
....................  
.................... #ifndef __LCD4Bit_C__ 
.................... #define __LCD4Bit_C__ 
....................  
.................... //---------------------------------------------------------- 
.................... // You may change these pins according to your own usage 
....................    #define LCD_DB4   PIN_A2 
....................    #define LCD_DB5   PIN_A3 
....................    #define LCD_DB6   PIN_A6 
....................    #define LCD_DB7   PIN_A7 
....................    #define LCD_E     PIN_A1 
....................    #define LCD_RS    PIN_A0  
.................... // RW is connected to ground 
.................... //---------------------------------------------------------- 
....................    #define lcd_type 2        // 0=5x7, 1=5x10, 2=2 lines  
....................    #define LCD_LIB_VER 1.0 
.................... //--------------------------------------------------------- 
....................  
.................... int8 const LCD_INIT_STRING[4] =  
.................... {  
....................  0x20 | (lcd_type << 2), // Func set: 4-bit, 2 lines, 5x8 dots  
....................  0xc,                    // Display on  
....................  1,                      // Clear display  
....................  6                       // Increment cursor  
....................  };  
....................  
.................... //------------------------------------------------------------ 
.................... void lcd_send_nibble(int8 nibble){  
.................... // Note:  !! converts an integer expression  
.................... // to a boolean (1 or 0).  
....................  output_bit(LCD_DB4, !!(nibble & 1));  
*
0081:  BTFSC  3F.0
0082:  GOTO   085
0083:  BCF    05.2
0084:  GOTO   086
0085:  BSF    05.2
0086:  BSF    03.5
0087:  BCF    05.2
*
00AE:  BTFSC  3F.0
00AF:  GOTO   0B2
00B0:  BCF    05.2
00B1:  GOTO   0B3
00B2:  BSF    05.2
00B3:  BSF    03.5
00B4:  BCF    05.2
*
015B:  BTFSC  3F.0
015C:  GOTO   15F
015D:  BCF    05.2
015E:  GOTO   160
015F:  BSF    05.2
0160:  BSF    03.5
0161:  BCF    05.2
*
0190:  BTFSC  3F.0
0191:  GOTO   194
0192:  BCF    05.2
0193:  GOTO   195
0194:  BSF    05.2
0195:  BSF    03.5
0196:  BCF    05.2
....................  output_bit(LCD_DB5, !!(nibble & 2));   
*
0088:  BCF    03.5
0089:  BTFSC  3F.1
008A:  GOTO   08D
008B:  BCF    05.3
008C:  GOTO   08E
008D:  BSF    05.3
008E:  BSF    03.5
008F:  BCF    05.3
*
00B5:  BCF    03.5
00B6:  BTFSC  3F.1
00B7:  GOTO   0BA
00B8:  BCF    05.3
00B9:  GOTO   0BB
00BA:  BSF    05.3
00BB:  BSF    03.5
00BC:  BCF    05.3
*
0162:  BCF    03.5
0163:  BTFSC  3F.1
0164:  GOTO   167
0165:  BCF    05.3
0166:  GOTO   168
0167:  BSF    05.3
0168:  BSF    03.5
0169:  BCF    05.3
*
0197:  BCF    03.5
0198:  BTFSC  3F.1
0199:  GOTO   19C
019A:  BCF    05.3
019B:  GOTO   19D
019C:  BSF    05.3
019D:  BSF    03.5
019E:  BCF    05.3
....................  output_bit(LCD_DB6, !!(nibble & 4));     
*
0090:  BCF    03.5
0091:  BTFSC  3F.2
0092:  GOTO   095
0093:  BCF    05.6
0094:  GOTO   096
0095:  BSF    05.6
0096:  BSF    03.5
0097:  BCF    05.6
*
00BD:  BCF    03.5
00BE:  BTFSC  3F.2
00BF:  GOTO   0C2
00C0:  BCF    05.6
00C1:  GOTO   0C3
00C2:  BSF    05.6
00C3:  BSF    03.5
00C4:  BCF    05.6
*
016A:  BCF    03.5
016B:  BTFSC  3F.2
016C:  GOTO   16F
016D:  BCF    05.6
016E:  GOTO   170
016F:  BSF    05.6
0170:  BSF    03.5
0171:  BCF    05.6
*
019F:  BCF    03.5
01A0:  BTFSC  3F.2
01A1:  GOTO   1A4
01A2:  BCF    05.6
01A3:  GOTO   1A5
01A4:  BSF    05.6
01A5:  BSF    03.5
01A6:  BCF    05.6
....................  output_bit(LCD_DB7, !!(nibble & 8));     
*
0098:  BCF    03.5
0099:  BTFSC  3F.3
009A:  GOTO   09D
009B:  BCF    05.7
009C:  GOTO   09E
009D:  BSF    05.7
009E:  BSF    03.5
009F:  BCF    05.7
*
00C5:  BCF    03.5
00C6:  BTFSC  3F.3
00C7:  GOTO   0CA
00C8:  BCF    05.7
00C9:  GOTO   0CB
00CA:  BSF    05.7
00CB:  BSF    03.5
00CC:  BCF    05.7
*
0172:  BCF    03.5
0173:  BTFSC  3F.3
0174:  GOTO   177
0175:  BCF    05.7
0176:  GOTO   178
0177:  BSF    05.7
0178:  BSF    03.5
0179:  BCF    05.7
*
01A7:  BCF    03.5
01A8:  BTFSC  3F.3
01A9:  GOTO   1AC
01AA:  BCF    05.7
01AB:  GOTO   1AD
01AC:  BSF    05.7
01AD:  BSF    03.5
01AE:  BCF    05.7
....................  
....................  delay_cycles(1);  
*
00A0:  NOP
*
00CD:  NOP
*
017A:  NOP
*
01AF:  NOP
....................  output_high(LCD_E);  
*
00A1:  BCF    05.1
00A2:  BCF    03.5
00A3:  BSF    05.1
*
00CE:  BCF    05.1
00CF:  BCF    03.5
00D0:  BSF    05.1
*
017B:  BCF    05.1
017C:  BCF    03.5
017D:  BSF    05.1
*
01B0:  BCF    05.1
01B1:  BCF    03.5
01B2:  BSF    05.1
....................  delay_us(2);  
*
00A4:  GOTO   0A5
*
00D1:  GOTO   0D2
*
017E:  GOTO   17F
*
01B3:  GOTO   1B4
....................  output_low(LCD_E);  
*
00A5:  BSF    03.5
00A6:  BCF    05.1
00A7:  BCF    03.5
00A8:  BCF    05.1
*
00D2:  BSF    03.5
00D3:  BCF    05.1
00D4:  BCF    03.5
00D5:  BCF    05.1
*
017F:  BSF    03.5
0180:  BCF    05.1
0181:  BCF    03.5
0182:  BCF    05.1
0183:  CLRF   28
0184:  BTFSC  0B.7
0185:  BSF    28.7
0186:  BCF    0B.7
*
01B4:  BSF    03.5
01B5:  BCF    05.1
01B6:  BCF    03.5
01B7:  BCF    05.1
.................... }  
....................  
.................... //----------------------------------------  
.................... // Send a byte to the LCD.  
.................... void lcd_send_byte(int8 address, int8 n)  
.................... {  
....................    output_low(LCD_RS);  
*
0061:  BSF    03.5
0062:  BCF    05.0
0063:  BCF    03.5
0064:  BCF    05.0
....................    delay_us(60);   
0065:  MOVLW  13
0066:  MOVWF  77
0067:  DECFSZ 77,F
0068:  GOTO   067
0069:  GOTO   06A
....................     
....................    if(address)  
006A:  MOVF   3C,F
006B:  BTFSC  03.2
006C:  GOTO   072
....................       output_high(LCD_RS);  
006D:  BSF    03.5
006E:  BCF    05.0
006F:  BCF    03.5
0070:  BSF    05.0
....................    else  
0071:  GOTO   076
....................       output_low(LCD_RS);        
0072:  BSF    03.5
0073:  BCF    05.0
0074:  BCF    03.5
0075:  BCF    05.0
....................        
....................    delay_cycles(1);  
0076:  NOP
....................    output_low(LCD_E);  
0077:  BSF    03.5
0078:  BCF    05.1
0079:  BCF    03.5
007A:  BCF    05.1
....................     
....................    lcd_send_nibble(n >> 4);  
007B:  SWAPF  3D,W
007C:  MOVWF  3E
007D:  MOVLW  0F
007E:  ANDWF  3E,F
007F:  MOVF   3E,W
0080:  MOVWF  3F
....................    lcd_send_nibble(n & 0xf);  
*
00A9:  MOVF   3D,W
00AA:  ANDLW  0F
00AB:  MOVWF  3E
00AC:  MOVF   3E,W
00AD:  MOVWF  3F
.................... }  
*
00D6:  RETURN
....................  
....................  
....................  
....................  
.................... /*--------------------------------------------------------------  
....................  This function need to be called before 
....................     any of library function call 
.................... ----------------------------------------------------------------*/ 
.................... void lcd_init(void){  
....................    int8 i;  
....................    output_low(LCD_RS);  
*
0143:  BSF    03.5
0144:  BCF    05.0
0145:  BCF    03.5
0146:  BCF    05.0
....................    output_low(LCD_E);  
0147:  BSF    03.5
0148:  BCF    05.1
0149:  BCF    03.5
014A:  BCF    05.1
014B:  CLRF   28
014C:  BTFSC  0B.7
014D:  BSF    28.7
014E:  BCF    0B.7
....................    delay_ms(15);  
014F:  MOVLW  0F
0150:  MOVWF  39
0151:  CALL   0D7
0152:  BTFSC  28.7
0153:  BSF    0B.7
....................    for(i=0 ;i < 3; i++) {  
0154:  CLRF   2E
0155:  MOVF   2E,W
0156:  SUBLW  02
0157:  BTFSS  03.0
0158:  GOTO   18E
....................        lcd_send_nibble(0x03);  
0159:  MOVLW  03
015A:  MOVWF  3F
....................        delay_ms(5);  
*
0187:  MOVLW  05
0188:  MOVWF  39
0189:  CALL   0D7
018A:  BTFSC  28.7
018B:  BSF    0B.7
....................       }  
018C:  INCF   2E,F
018D:  GOTO   155
....................    lcd_send_nibble(0x02);  
018E:  MOVLW  02
018F:  MOVWF  3F
....................    for(i=0; i < sizeof(LCD_INIT_STRING); i++) {  
*
01B8:  CLRF   2E
01B9:  MOVF   2E,W
01BA:  SUBLW  03
01BB:  BTFSS  03.0
01BC:  GOTO   1D5
....................          lcd_send_byte(0, LCD_INIT_STRING[i]);  
01BD:  MOVF   2E,W
01BE:  CALL   031
01BF:  MOVWF  2F
01C0:  CLRF   28
01C1:  BTFSC  0B.7
01C2:  BSF    28.7
01C3:  BCF    0B.7
01C4:  CLRF   3C
01C5:  MOVF   2F,W
01C6:  MOVWF  3D
01C7:  CALL   061
01C8:  BTFSC  28.7
01C9:  BSF    0B.7
01CA:  CLRF   28
01CB:  BTFSC  0B.7
01CC:  BSF    28.7
01CD:  BCF    0B.7
....................          delay_ms(5); /*using hardcoded delay because not using RW pin*/ 
01CE:  MOVLW  05
01CF:  MOVWF  39
01D0:  CALL   0D7
01D1:  BTFSC  28.7
01D2:  BSF    0B.7
....................       
....................       }  
01D3:  INCF   2E,F
01D4:  GOTO   1B9
....................  
.................... }  
01D5:  GOTO   368 (RETURN)
.................... /*------------------------------------------------------------------------ 
.................... This function will point cursor to specified location,  
.................... x- is column number 
.................... y- is line number (max 4 lines are supported) 
.................... --------------------------------------------------------------------------*/ 
.................... void lcd_gotoxy(int8 x, int8 y) {    
....................    int8 address;  
....................    switch(y) {  
*
00EC:  MOVLW  01
00ED:  SUBWF  3A,W
00EE:  ADDLW  FC
00EF:  BTFSC  03.0
00F0:  GOTO   0FF
00F1:  ADDLW  04
00F2:  GOTO   107
....................      case 1 : address=0x80;break;  
00F3:  MOVLW  80
00F4:  MOVWF  3B
00F5:  GOTO   0FF
....................      case 2 : address=0xc0;break;  
00F6:  MOVLW  C0
00F7:  MOVWF  3B
00F8:  GOTO   0FF
....................      case 3 : address=0x94;break;  
00F9:  MOVLW  94
00FA:  MOVWF  3B
00FB:  GOTO   0FF
....................      case 4 : address=0xd4;break;  
00FC:  MOVLW  D4
00FD:  MOVWF  3B
00FE:  GOTO   0FF
....................    }  
....................    address+=x-1;  
00FF:  MOVLW  01
0100:  SUBWF  39,W
0101:  ADDWF  3B,F
....................    lcd_send_byte(0,address); 
0102:  CLRF   3C
0103:  MOVF   3B,W
0104:  MOVWF  3D
0105:  CALL   061
.................... } 
0106:  RETURN
....................  
.................... //-------------------------------------------------------- 
....................  
.................... void lcd_cursor_on(int1 on) 
.................... { 
....................    if (on) 
*
01D6:  MOVF   2E,F
01D7:  BTFSC  03.2
01D8:  GOTO   1E4
01D9:  CLRF   28
01DA:  BTFSC  0B.7
01DB:  BSF    28.7
01DC:  BCF    0B.7
....................    { 
....................       lcd_send_byte(0,0x0F);           //turn LCD cursor ON 
01DD:  CLRF   3C
01DE:  MOVLW  0F
01DF:  MOVWF  3D
01E0:  CALL   061
01E1:  BTFSC  28.7
01E2:  BSF    0B.7
....................    } 
....................    else 
01E3:  GOTO   1EE
01E4:  CLRF   28
01E5:  BTFSC  0B.7
01E6:  BSF    28.7
01E7:  BCF    0B.7
....................    { 
....................       lcd_send_byte(0,0x0C);           //turn LCD cursor OFF 
01E8:  CLRF   3C
01E9:  MOVLW  0C
01EA:  MOVWF  3D
01EB:  CALL   061
01EC:  BTFSC  28.7
01ED:  BSF    0B.7
....................    } 
.................... } 
01EE:  RETURN
....................  
....................  
.................... //-----------------------------  
.................... void lcd_putc(char c)  
.................... {  
....................  switch(c)  
....................    {  
*
010F:  MOVF   38,W
0110:  XORLW  0C
0111:  BTFSC  03.2
0112:  GOTO   11A
0113:  XORLW  06
0114:  BTFSC  03.2
0115:  GOTO   122
0116:  XORLW  02
0117:  BTFSC  03.2
0118:  GOTO   128
0119:  GOTO   12D
....................     case '\f':  
....................       lcd_send_byte(0,1);  
011A:  CLRF   3C
011B:  MOVLW  01
011C:  MOVWF  3D
011D:  CALL   061
....................       delay_ms(2);  
011E:  MOVLW  02
011F:  MOVWF  39
0120:  CALL   0D7
....................       break;  
0121:  GOTO   133
....................      
....................     case '\n':  
....................        lcd_gotoxy(1,2);  
0122:  MOVLW  01
0123:  MOVWF  39
0124:  MOVLW  02
0125:  MOVWF  3A
0126:  CALL   0EC
....................        break;  
0127:  GOTO   133
....................      
....................     case '\b':  
....................        lcd_send_byte(0,0x10);  
0128:  CLRF   3C
0129:  MOVLW  10
012A:  MOVWF  3D
012B:  CALL   061
....................        break;  
012C:  GOTO   133
....................      
....................     default:  
....................        lcd_send_byte(1,c);  
012D:  MOVLW  01
012E:  MOVWF  3C
012F:  MOVF   38,W
0130:  MOVWF  3D
0131:  CALL   061
....................        break;  
0132:  GOTO   133
....................    }  
.................... }  
0133:  RETURN
....................  
.................... /* 
....................  
.................... Print a test welcome message on LCD with fixed delay 
....................  
.................... */ 
.................... void lcd_test_print(){ 
....................    lcd_putc("\fLCD 4BIT Driver\n");  
....................    printf(lcd_putc, "     V# %1.2f", LCD_LIB_VER); 
....................    delay_ms(1500); 
....................    lcd_putc("\fDeveloper:"); 
....................    lcd_gotoxy(2,2); 
....................    lcd_putc("Abdul Rehman"); 
....................    delay_ms (1000); 
....................    lcd_putc("\f Compiled On \n "); 
....................    printf(lcd_putc, __DATE__); 
....................    delay_ms(1000); 
....................    lcd_putc("\f"); 
.................... } 
....................  
.................... #endif 
....................  
....................  
.................... char c = 97;		// variables para el control del LCD 
.................... int x = 1; 
.................... int y = 1; 
....................  
.................... int ch_set = 0; // Tipo de Caracter 0: minuscula, 1: mayuscula, 2: numeros, 3:simbolos 
.................... int sw_idle_timer = 1; // Contador de Inactividad 
....................  
.................... void select(); // Realiza un retorno de carro 
.................... void write_ch(); // Escribe el caracter en el LCD y por SERIAL 
.................... void next_ch(int dir); // Cambia el caracter a ingresar 
.................... void txt_mode(); // Cambia el tipo de caracter 
.................... #int_rda 
.................... void recv_data(void) 
.................... { 
.................... 	char buffer; 
.................... 	buffer = getc();   // Recibe un carácter 
0134:  BTFSS  0C.5
0135:  GOTO   134
0136:  MOVF   1A,W
0137:  MOVWF  37
.................... 	putc(buffer);		// Lo reenvía (echo) 
0138:  MOVF   37,W
0139:  BTFSS  0C.4
013A:  GOTO   139
013B:  MOVWF  19
.................... 	lcd_putc(buffer); //Lo escribe en el LCD 
013C:  MOVF   37,W
013D:  MOVWF  38
013E:  CALL   10F
.................... 	x++; 
013F:  INCF   2A,F
.................... 	/*if(x == 17) //Controla la pocision del cursor 
.................... 	{ 
.................... 		x = 0; 
.................... 		if(y == 2) 
.................... 		{ 
.................... 			y=0; 
.................... 			lcd_putc("\f"); 
.................... 		}else 
.................... 		{ 
.................... 			y++; 
.................... 			lcd_putc("\n"); 
.................... 		} 
.................... 	}*/ 
.................... } 
....................  
0140:  BCF    0C.5
0141:  BCF    0A.3
0142:  GOTO   020
.................... void main(void) 
.................... {	 
*
034A:  CLRF   04
034B:  BCF    03.7
034C:  MOVLW  1F
034D:  ANDWF  03,F
034E:  BSF    03.5
034F:  BSF    0E.3
0350:  MOVLW  19
0351:  MOVWF  19
0352:  MOVLW  A6
0353:  MOVWF  18
0354:  MOVLW  90
0355:  BCF    03.5
0356:  MOVWF  18
0357:  MOVLW  61
0358:  MOVWF  29
0359:  MOVLW  01
035A:  MOVWF  2A
035B:  MOVLW  01
035C:  MOVWF  2B
035D:  CLRF   2C
035E:  MOVLW  01
035F:  MOVWF  2D
0360:  MOVLW  07
0361:  MOVWF  1F
....................  
.................... 	set_tris_b(255); 
0362:  MOVLW  FF
0363:  TRIS   6
.................... 	port_b_pullups(TRUE); 
0364:  BSF    03.5
0365:  BCF    01.7
.................... 	lcd_init(); 
0366:  BCF    03.5
0367:  GOTO   143
.................... 	lcd_putc("\f    Gallium     "); 
0368:  CLRF   2E
0369:  MOVF   2E,W
036A:  CALL   03F
036B:  IORLW  00
036C:  BTFSC  03.2
036D:  GOTO   378
036E:  INCF   2E,F
036F:  CLRF   28
0370:  BTFSC  0B.7
0371:  BSF    28.7
0372:  BCF    0B.7
0373:  MOVWF  38
0374:  CALL   10F
0375:  BTFSC  28.7
0376:  BSF    0B.7
0377:  GOTO   369
.................... 	delay_ms(2000); 
0378:  MOVLW  08
0379:  MOVWF  2E
037A:  CLRF   28
037B:  BTFSC  0B.7
037C:  BSF    28.7
037D:  BCF    0B.7
037E:  MOVLW  FA
037F:  MOVWF  39
0380:  CALL   0D7
0381:  BTFSC  28.7
0382:  BSF    0B.7
0383:  DECFSZ 2E,F
0384:  GOTO   37A
.................... 	lcd_putc("\f"); 
0385:  CLRF   2E
0386:  MOVF   2E,W
0387:  CALL   039
0388:  IORLW  00
0389:  BTFSC  03.2
038A:  GOTO   395
038B:  INCF   2E,F
038C:  CLRF   28
038D:  BTFSC  0B.7
038E:  BSF    28.7
038F:  BCF    0B.7
0390:  MOVWF  38
0391:  CALL   10F
0392:  BTFSC  28.7
0393:  BSF    0B.7
0394:  GOTO   386
.................... 	lcd_cursor_on(1); 
0395:  MOVLW  01
0396:  MOVWF  2E
0397:  CALL   1D6
.................... 	enable_interrupts(INT_RDA); 
0398:  BSF    03.5
0399:  BSF    0C.5
.................... 	enable_interrupts(GLOBAL); 
039A:  MOVLW  C0
039B:  BCF    03.5
039C:  IORWF  0B,F
....................  
.................... 	while(TRUE) 
.................... 	{ 
.................... 		if(input(PIN_B0) == 0 || input(PIN_B3) == 0) // Boton Up-Down 
039D:  BSF    03.5
039E:  BSF    06.0
039F:  BCF    03.5
03A0:  BTFSS  06.0
03A1:  GOTO   3A7
03A2:  BSF    03.5
03A3:  BSF    06.3
03A4:  BCF    03.5
03A5:  BTFSC  06.3
03A6:  GOTO   3B1
03A7:  CLRF   28
03A8:  BTFSC  0B.7
03A9:  BSF    28.7
03AA:  BCF    0B.7
.................... 		{	 
.................... 			delay_ms(200); 
03AB:  MOVLW  C8
03AC:  MOVWF  39
03AD:  CALL   0D7
03AE:  BTFSC  28.7
03AF:  BSF    0B.7
.................... 			write_ch();				 
03B0:  GOTO   1EF
.................... 		} 
.................... 		if(input(PIN_B4) == 0) // Boton Select 
03B1:  BSF    03.5
03B2:  BSF    06.4
03B3:  BCF    03.5
03B4:  BTFSC  06.4
03B5:  GOTO   3C0
03B6:  CLRF   28
03B7:  BTFSC  0B.7
03B8:  BSF    28.7
03B9:  BCF    0B.7
.................... 		{ 
.................... 			delay_ms(250); 
03BA:  MOVLW  FA
03BB:  MOVWF  39
03BC:  CALL   0D7
03BD:  BTFSC  28.7
03BE:  BSF    0B.7
.................... 			select(); 
03BF:  GOTO   2FA
.................... 		} 
.................... 		if(input(PIN_B5) == 0) // Boton Clear 
03C0:  BSF    03.5
03C1:  BSF    06.5
03C2:  BCF    03.5
03C3:  BTFSC  06.5
03C4:  GOTO   402
.................... 		{ 
.................... 			delay_ms(300);		// Imprime un Caracter Nulo 
03C5:  MOVLW  02
03C6:  MOVWF  2E
03C7:  CLRF   28
03C8:  BTFSC  0B.7
03C9:  BSF    28.7
03CA:  BCF    0B.7
03CB:  MOVLW  96
03CC:  MOVWF  39
03CD:  CALL   0D7
03CE:  BTFSC  28.7
03CF:  BSF    0B.7
03D0:  DECFSZ 2E,F
03D1:  GOTO   3C7
.................... 			lcd_putc("\b"); 
03D2:  CLRF   2E
03D3:  MOVF   2E,W
03D4:  CALL   055
03D5:  IORLW  00
03D6:  BTFSC  03.2
03D7:  GOTO   3E2
03D8:  INCF   2E,F
03D9:  CLRF   28
03DA:  BTFSC  0B.7
03DB:  BSF    28.7
03DC:  BCF    0B.7
03DD:  MOVWF  38
03DE:  CALL   10F
03DF:  BTFSC  28.7
03E0:  BSF    0B.7
03E1:  GOTO   3D3
03E2:  CLRF   28
03E3:  BTFSC  0B.7
03E4:  BSF    28.7
03E5:  BCF    0B.7
.................... 			lcd_putc(0); 
03E6:  CLRF   38
03E7:  CALL   10F
03E8:  BTFSC  28.7
03E9:  BSF    0B.7
.................... 			lcd_putc("\b"); 
03EA:  CLRF   2E
03EB:  MOVF   2E,W
03EC:  CALL   055
03ED:  IORLW  00
03EE:  BTFSC  03.2
03EF:  GOTO   3FA
03F0:  INCF   2E,F
03F1:  CLRF   28
03F2:  BTFSC  0B.7
03F3:  BSF    28.7
03F4:  BCF    0B.7
03F5:  MOVWF  38
03F6:  CALL   10F
03F7:  BTFSC  28.7
03F8:  BSF    0B.7
03F9:  GOTO   3EB
.................... 			putc(8); 
03FA:  MOVLW  08
03FB:  BTFSS  0C.4
03FC:  GOTO   3FB
03FD:  MOVWF  19
.................... 			putc(0); 
03FE:  MOVLW  00
03FF:  BTFSS  0C.4
0400:  GOTO   3FF
0401:  MOVWF  19
.................... 		} 
.................... 		if(input(PIN_B6) == 0) // Boton Mode 
0402:  BSF    03.5
0403:  BSF    06.6
0404:  BCF    03.5
0405:  BTFSC  06.6
0406:  GOTO   411
0407:  CLRF   28
0408:  BTFSC  0B.7
0409:  BSF    28.7
040A:  BCF    0B.7
.................... 		{ 
.................... 			delay_ms(250); 
040B:  MOVLW  FA
040C:  MOVWF  39
040D:  CALL   0D7
040E:  BTFSC  28.7
040F:  BSF    0B.7
.................... 			txt_mode(); 
0410:  GOTO   30F
.................... 		} 
....................     } 
0411:  GOTO   39D
.................... } 
....................  
.................... void select() 
.................... { 
0412:  GOTO   412
.................... 	putc(13); 
*
02FA:  MOVLW  0D
02FB:  BTFSS  0C.4
02FC:  GOTO   2FB
02FD:  MOVWF  19
.................... 	lcd_putc("\n"); 
02FE:  CLRF   2E
02FF:  MOVF   2E,W
0300:  CALL   05B
0301:  IORLW  00
0302:  BTFSC  03.2
0303:  GOTO   30E
0304:  INCF   2E,F
0305:  CLRF   28
0306:  BTFSC  0B.7
0307:  BSF    28.7
0308:  BCF    0B.7
0309:  MOVWF  38
030A:  CALL   10F
030B:  BTFSC  28.7
030C:  BSF    0B.7
030D:  GOTO   2FF
.................... } 
030E:  GOTO   3C0 (RETURN)
....................  
.................... void txt_mode() 
.................... { 
.................... 	if(ch_set == 3){ch_set = 0;}else{ch_set++;} 
030F:  MOVF   2C,W
0310:  SUBLW  03
0311:  BTFSS  03.2
0312:  GOTO   315
0313:  CLRF   2C
0314:  GOTO   316
0315:  INCF   2C,F
.................... 	switch(ch_set) 
.................... 	{ 
0316:  MOVF   2C,W
0317:  ADDLW  FC
0318:  BTFSC  03.0
0319:  GOTO   328
031A:  ADDLW  04
031B:  GOTO   342
.................... 		case 0:		// Minuscula 
.................... 			c = 97; 
031C:  MOVLW  61
031D:  MOVWF  29
.................... 			break; 
031E:  GOTO   328
.................... 		case 1:		// Cambia al caracter correspondiente en mayuscula 
.................... 			c= c - 32; 
031F:  MOVLW  20
0320:  SUBWF  29,F
.................... 			break; 
0321:  GOTO   328
.................... 		case 2: 
.................... 			c = 48; // Numeros 
0322:  MOVLW  30
0323:  MOVWF  29
.................... 			break; 
0324:  GOTO   328
.................... 		case 3: 
.................... 			c = 33; // Simbolos 
0325:  MOVLW  21
0326:  MOVWF  29
.................... 			break; 
0327:  GOTO   328
.................... 	} 
.................... 	lcd_putc(c); 
0328:  CLRF   28
0329:  BTFSC  0B.7
032A:  BSF    28.7
032B:  BCF    0B.7
032C:  MOVF   29,W
032D:  MOVWF  38
032E:  CALL   10F
032F:  BTFSC  28.7
0330:  BSF    0B.7
.................... 	lcd_putc("\b");		 
0331:  CLRF   2E
0332:  MOVF   2E,W
0333:  CALL   055
0334:  IORLW  00
0335:  BTFSC  03.2
0336:  GOTO   341
0337:  INCF   2E,F
0338:  CLRF   28
0339:  BTFSC  0B.7
033A:  BSF    28.7
033B:  BCF    0B.7
033C:  MOVWF  38
033D:  CALL   10F
033E:  BTFSC  28.7
033F:  BSF    0B.7
0340:  GOTO   332
.................... } 
0341:  GOTO   411 (RETURN)
....................  
.................... void write_ch() 
.................... { 
.................... 	lcd_cursor_on(0); 
*
01EF:  CLRF   2E
01F0:  CALL   1D6
.................... 	while(input(PIN_B0) == 1 && input(PIN_B3) == 1 && sw_idle_timer < 100) //Espera 1 Segundo para confirmar el caracter 
.................... 	{ 
01F1:  BSF    03.5
01F2:  BSF    06.0
01F3:  BCF    03.5
01F4:  BTFSS  06.0
01F5:  GOTO   20A
01F6:  BSF    03.5
01F7:  BSF    06.3
01F8:  BCF    03.5
01F9:  BTFSS  06.3
01FA:  GOTO   20A
01FB:  MOVF   2D,W
01FC:  SUBLW  63
01FD:  BTFSS  03.0
01FE:  GOTO   20A
01FF:  CLRF   28
0200:  BTFSC  0B.7
0201:  BSF    28.7
0202:  BCF    0B.7
.................... 		delay_ms(10); 
0203:  MOVLW  0A
0204:  MOVWF  39
0205:  CALL   0D7
0206:  BTFSC  28.7
0207:  BSF    0B.7
.................... 		sw_idle_timer++; 
0208:  INCF   2D,F
.................... 	} 
0209:  GOTO   1F1
.................... 	if(sw_idle_timer == 100) 		// Si el tiempo fue de 1 segundo se imprime el caracter y							 
020A:  MOVF   2D,W
020B:  SUBLW  64
020C:  BTFSS  03.2
020D:  GOTO   221
.................... 	{								// se avanza a la siguiente pocision. 
.................... 		sw_idle_timer = 1;			// Si se oprimio una tecla antes del segundo modifica el caracter 
020E:  MOVLW  01
020F:  MOVWF  2D
0210:  CLRF   28
0211:  BTFSC  0B.7
0212:  BSF    28.7
0213:  BCF    0B.7
.................... 		lcd_putc(c);				// segun la tecla oprimida 
0214:  MOVF   29,W
0215:  MOVWF  38
0216:  CALL   10F
0217:  BTFSC  28.7
0218:  BSF    0B.7
.................... 		putc(c); 
0219:  MOVF   29,W
021A:  BTFSS  0C.4
021B:  GOTO   21A
021C:  MOVWF  19
.................... 		lcd_cursor_on(1); 
021D:  MOVLW  01
021E:  MOVWF  2E
021F:  CALL   1D6
.................... 	}else 
0220:  GOTO   2F9
.................... 	{	 
.................... 		if(input(PIN_B0) == 0){next_ch(1);}else{next_ch(0);} 
0221:  BSF    03.5
0222:  BSF    06.0
0223:  BCF    03.5
0224:  BTFSC  06.0
0225:  GOTO   284
0226:  MOVLW  01
0227:  MOVWF  2E
*
0283:  GOTO   2E0
0284:  CLRF   2E
.................... 		lcd_putc(c); 
*
02E4:  MOVF   29,W
02E5:  MOVWF  38
02E6:  CALL   10F
02E7:  BTFSC  28.7
02E8:  BSF    0B.7
.................... 		lcd_putc("\b"); 
02E9:  CLRF   2E
02EA:  MOVF   2E,W
02EB:  CALL   055
02EC:  IORLW  00
02ED:  BTFSC  03.2
02EE:  GOTO   2F9
02EF:  INCF   2E,F
02F0:  CLRF   28
02F1:  BTFSC  0B.7
02F2:  BSF    28.7
02F3:  BCF    0B.7
02F4:  MOVWF  38
02F5:  CALL   10F
02F6:  BTFSC  28.7
02F7:  BSF    0B.7
02F8:  GOTO   2EA
.................... 	} 
.................... } 
02F9:  GOTO   3B1 (RETURN)
....................  
.................... void next_ch(int dir) 
.................... { 
.................... 	if(dir == 1)		// Direccion Ascendente 
*
0228:  DECFSZ 2E,W
0229:  GOTO   255
*
0285:  DECFSZ 2E,W
0286:  GOTO   2B2
.................... 	{ 
.................... 		if(c == 47){c = 58;}else 
*
022A:  MOVF   29,W
022B:  SUBLW  2F
022C:  BTFSS  03.2
022D:  GOTO   231
022E:  MOVLW  3A
022F:  MOVWF  29
0230:  GOTO   255
*
0287:  MOVF   29,W
0288:  SUBLW  2F
0289:  BTFSS  03.2
028A:  GOTO   28E
028B:  MOVLW  3A
028C:  MOVWF  29
028D:  GOTO   2B2
.................... 		{ 
.................... 			if(c == 64){c = 91;}else 
*
0231:  MOVF   29,W
0232:  SUBLW  40
0233:  BTFSS  03.2
0234:  GOTO   238
0235:  MOVLW  5B
0236:  MOVWF  29
0237:  GOTO   255
*
028E:  MOVF   29,W
028F:  SUBLW  40
0290:  BTFSS  03.2
0291:  GOTO   295
0292:  MOVLW  5B
0293:  MOVWF  29
0294:  GOTO   2B2
.................... 			{ 
.................... 				if(c == 95){c = 123;}else 
*
0238:  MOVF   29,W
0239:  SUBLW  5F
023A:  BTFSS  03.2
023B:  GOTO   23F
023C:  MOVLW  7B
023D:  MOVWF  29
023E:  GOTO   255
*
0295:  MOVF   29,W
0296:  SUBLW  5F
0297:  BTFSS  03.2
0298:  GOTO   29C
0299:  MOVLW  7B
029A:  MOVWF  29
029B:  GOTO   2B2
.................... 				{ 
.................... 					if(c == 126){c = 33;}else 
*
023F:  MOVF   29,W
0240:  SUBLW  7E
0241:  BTFSS  03.2
0242:  GOTO   246
0243:  MOVLW  21
0244:  MOVWF  29
0245:  GOTO   255
*
029C:  MOVF   29,W
029D:  SUBLW  7E
029E:  BTFSS  03.2
029F:  GOTO   2A3
02A0:  MOVLW  21
02A1:  MOVWF  29
02A2:  GOTO   2B2
.................... 					{ 
.................... 						if( c == 90){c = 65;}else 
*
0246:  MOVF   29,W
0247:  SUBLW  5A
0248:  BTFSS  03.2
0249:  GOTO   24D
024A:  MOVLW  41
024B:  MOVWF  29
024C:  GOTO   255
*
02A3:  MOVF   29,W
02A4:  SUBLW  5A
02A5:  BTFSS  03.2
02A6:  GOTO   2AA
02A7:  MOVLW  41
02A8:  MOVWF  29
02A9:  GOTO   2B2
.................... 						{ 
.................... 							if(c == 122){c = 97;}else{c++;} 
*
024D:  MOVF   29,W
024E:  SUBLW  7A
024F:  BTFSS  03.2
0250:  GOTO   254
0251:  MOVLW  61
0252:  MOVWF  29
0253:  GOTO   255
0254:  INCF   29,F
*
02AA:  MOVF   29,W
02AB:  SUBLW  7A
02AC:  BTFSS  03.2
02AD:  GOTO   2B1
02AE:  MOVLW  61
02AF:  MOVWF  29
02B0:  GOTO   2B2
02B1:  INCF   29,F
.................... 						} 
.................... 					} 
.................... 				} 
.................... 			}		 
.................... 		} 
.................... 	} 
.................... 	if(dir == 0) 		// Direccion Descendente 
*
0255:  MOVF   2E,F
0256:  BTFSS  03.2
0257:  GOTO   283
*
02B2:  MOVF   2E,F
02B3:  BTFSS  03.2
02B4:  GOTO   2E0
.................... 	{ 
.................... 		if(c == 123){c = 95;}else 
*
0258:  MOVF   29,W
0259:  SUBLW  7B
025A:  BTFSS  03.2
025B:  GOTO   25F
025C:  MOVLW  5F
025D:  MOVWF  29
025E:  GOTO   283
*
02B5:  MOVF   29,W
02B6:  SUBLW  7B
02B7:  BTFSS  03.2
02B8:  GOTO   2BC
02B9:  MOVLW  5F
02BA:  MOVWF  29
02BB:  GOTO   2E0
.................... 		{ 
.................... 			if(c == 91){c = 64;}else 
*
025F:  MOVF   29,W
0260:  SUBLW  5B
0261:  BTFSS  03.2
0262:  GOTO   266
0263:  MOVLW  40
0264:  MOVWF  29
0265:  GOTO   283
*
02BC:  MOVF   29,W
02BD:  SUBLW  5B
02BE:  BTFSS  03.2
02BF:  GOTO   2C3
02C0:  MOVLW  40
02C1:  MOVWF  29
02C2:  GOTO   2E0
.................... 			{ 
.................... 				if(c == 58){c = 47;}else 
*
0266:  MOVF   29,W
0267:  SUBLW  3A
0268:  BTFSS  03.2
0269:  GOTO   26D
026A:  MOVLW  2F
026B:  MOVWF  29
026C:  GOTO   283
*
02C3:  MOVF   29,W
02C4:  SUBLW  3A
02C5:  BTFSS  03.2
02C6:  GOTO   2CA
02C7:  MOVLW  2F
02C8:  MOVWF  29
02C9:  GOTO   2E0
.................... 				{ 
.................... 					if(c == 33){c = 126;}else 
*
026D:  MOVF   29,W
026E:  SUBLW  21
026F:  BTFSS  03.2
0270:  GOTO   274
0271:  MOVLW  7E
0272:  MOVWF  29
0273:  GOTO   283
*
02CA:  MOVF   29,W
02CB:  SUBLW  21
02CC:  BTFSS  03.2
02CD:  GOTO   2D1
02CE:  MOVLW  7E
02CF:  MOVWF  29
02D0:  GOTO   2E0
.................... 					{ 
.................... 						if( c == 65){c = 90;}else 
*
0274:  MOVF   29,W
0275:  SUBLW  41
0276:  BTFSS  03.2
0277:  GOTO   27B
0278:  MOVLW  5A
0279:  MOVWF  29
027A:  GOTO   283
*
02D1:  MOVF   29,W
02D2:  SUBLW  41
02D3:  BTFSS  03.2
02D4:  GOTO   2D8
02D5:  MOVLW  5A
02D6:  MOVWF  29
02D7:  GOTO   2E0
.................... 						{ 
.................... 							if(c == 97){c = 122;}else{c--;} 
*
027B:  MOVF   29,W
027C:  SUBLW  61
027D:  BTFSS  03.2
027E:  GOTO   282
027F:  MOVLW  7A
0280:  MOVWF  29
0281:  GOTO   283
0282:  DECF   29,F
*
02D8:  MOVF   29,W
02D9:  SUBLW  61
02DA:  BTFSS  03.2
02DB:  GOTO   2DF
02DC:  MOVLW  7A
02DD:  MOVWF  29
02DE:  GOTO   2E0
02DF:  DECF   29,F
02E0:  CLRF   28
02E1:  BTFSC  0B.7
02E2:  BSF    28.7
02E3:  BCF    0B.7
.................... 						} 
.................... 					} 
.................... 				} 
.................... 			}		 
.................... 		} 
....................  
.................... 	} 
.................... } 

Configuration Fuses:
   Word  1: 3F18   NOWDT NOPUT INTRC_IO NOMCLR NOBROWNOUT NOLVP NOCPD NOPROTECT

   Some fuses have been forced to be compatible with the ICD debugger.
